<?xml version="1.0" encoding="UTF-8"?>
<TestRun id="8c587405-6754-4095-8ac3-e42327d7d9e4" name="jmd@JMD-MPIP 2012-04-10 12:10:37" runUser="jmd-mpip\jmd" xmlns="http://microsoft.com/schemas/VisualStudio/TeamTest/2006">
  <TestRunConfiguration name="Local Test Run" id="b11e7721-989e-4d2c-8ab1-e036b122d350">
    <Description>This is a default test run configuration for a local test run.</Description>
    <Deployment runDeploymentRoot="D:\imp study\MP IP PROJECT 2012\RetailStore\RetailStore\TestResults\jmd_JMD-MPIP 2012-04-10 12_10_37">
      <DeploymentItem filename="D:\imp study\MP IP PROJECT 2012\RetailStore\RetailStore\RetailStore\bin\Debug\RetailStore.exe" />
    </Deployment>
    <TestTypeSpecific />
  </TestRunConfiguration>
  <ResultSummary outcome="Inconclusive">
    <Counters total="5" executed="5" error="0" failed="0" timeout="0" aborted="0" inconclusive="5" passedButRunAborted="0" notRunnable="0" notExecuted="0" disconnected="0" warning="0" passed="0" completed="0" inProgress="0" pending="0" />
  </ResultSummary>
  <Times creation="2012-04-10T12:10:37.5627082+05:30" queuing="2012-04-10T12:10:38.9355106+05:30" start="2012-04-10T12:10:39.2007111+05:30" finish="2012-04-10T12:11:07.8891615+05:30" />
  <TestDefinitions>
    <UnitTest name="getCustomerTypeTest" storage="d:\imp study\mp ip project 2012\retailstore\retailstore\retailstore_test\bin\debug\retailstore_test.dll" id="0dbd8dd6-d3a4-00ca-160b-242abd07d1e4">
      <Css projectStructure="" iteration="" />
      <Owners>
        <Owner name="" />
      </Owners>
      <Execution id="187af2bf-de5d-4492-8db5-3dc20f23b08f" />
      <TestMethod codeBase="D:\imp study\MP IP PROJECT 2012\RetailStore\RetailStore\RetailStore_Test\bin\Debug\RetailStore_Test.dll" adapterTypeName="Microsoft.VisualStudio.TestTools.TestTypes.Unit.UnitTestAdapter, Microsoft.VisualStudio.QualityTools.Tips.UnitTest.Adapter, Version=9.0.0.0, Culture=neutral, PublicKeyToken=b03f5f7f11d50a3a" className="RetailStore_Test.getDataTest, RetailStore_Test" name="getCustomerTypeTest" />
    </UnitTest>
    <UnitTest name="calculateDiscountConstructorTest" storage="d:\imp study\mp ip project 2012\retailstore\retailstore\retailstore_test\bin\debug\retailstore_test.dll" id="7dc1b756-3596-66e9-fa22-69dadc8831f1">
      <Css projectStructure="" iteration="" />
      <Owners>
        <Owner name="" />
      </Owners>
      <DeploymentItems>
        <DeploymentItem filename="RetailStore.exe" />
      </DeploymentItems>
      <Execution id="73f48ed5-470f-495a-a584-a297eea28ac7" />
      <TestMethod codeBase="D:\imp study\MP IP PROJECT 2012\RetailStore\RetailStore\RetailStore_Test\bin\Debug\RetailStore_Test.dll" adapterTypeName="Microsoft.VisualStudio.TestTools.TestTypes.Unit.UnitTestAdapter, Microsoft.VisualStudio.QualityTools.Tips.UnitTest.Adapter, Version=9.0.0.0, Culture=neutral, PublicKeyToken=b03f5f7f11d50a3a" className="RetailStore_Test.calculateDiscountTest, RetailStore_Test" name="calculateDiscountConstructorTest" />
    </UnitTest>
    <UnitTest name="getNetAmountTest" storage="d:\imp study\mp ip project 2012\retailstore\retailstore\retailstore_test\bin\debug\retailstore_test.dll" id="c4a7ab70-0280-bca8-0d0f-ff27f04c1b32">
      <Css projectStructure="" iteration="" />
      <Owners>
        <Owner name="" />
      </Owners>
      <DeploymentItems>
        <DeploymentItem filename="RetailStore.exe" />
      </DeploymentItems>
      <Execution id="7f5b2a99-8423-4604-8277-ac053ccd5d78" />
      <TestMethod codeBase="D:\imp study\MP IP PROJECT 2012\RetailStore\RetailStore\RetailStore_Test\bin\Debug\RetailStore_Test.dll" adapterTypeName="Microsoft.VisualStudio.TestTools.TestTypes.Unit.UnitTestAdapter, Microsoft.VisualStudio.QualityTools.Tips.UnitTest.Adapter, Version=9.0.0.0, Culture=neutral, PublicKeyToken=b03f5f7f11d50a3a" className="RetailStore_Test.calculateDiscountTest, RetailStore_Test" name="getNetAmountTest" />
    </UnitTest>
    <UnitTest name="GetPercentageDiscountTest" storage="d:\imp study\mp ip project 2012\retailstore\retailstore\retailstore_test\bin\debug\retailstore_test.dll" id="f0b5acef-16eb-e611-f026-506b6f780f21">
      <Css projectStructure="" iteration="" />
      <Owners>
        <Owner name="" />
      </Owners>
      <DeploymentItems>
        <DeploymentItem filename="RetailStore.exe" />
      </DeploymentItems>
      <Execution id="21bba2fd-60ca-4de2-9dcc-4a6f74da4218" />
      <TestMethod codeBase="D:\imp study\MP IP PROJECT 2012\RetailStore\RetailStore\RetailStore_Test\bin\Debug\RetailStore_Test.dll" adapterTypeName="Microsoft.VisualStudio.TestTools.TestTypes.Unit.UnitTestAdapter, Microsoft.VisualStudio.QualityTools.Tips.UnitTest.Adapter, Version=9.0.0.0, Culture=neutral, PublicKeyToken=b03f5f7f11d50a3a" className="RetailStore_Test.calculateDiscountTest, RetailStore_Test" name="GetPercentageDiscountTest" />
    </UnitTest>
    <UnitTest name="getDiscountDataTest" storage="d:\imp study\mp ip project 2012\retailstore\retailstore\retailstore_test\bin\debug\retailstore_test.dll" id="6ee1d9ff-87fb-c44a-ceee-41402ddb960d">
      <Css projectStructure="" iteration="" />
      <Owners>
        <Owner name="" />
      </Owners>
      <Execution id="d7b988ed-5bde-4dd8-884f-018be7fd5f33" />
      <TestMethod codeBase="D:\imp study\MP IP PROJECT 2012\RetailStore\RetailStore\RetailStore_Test\bin\Debug\RetailStore_Test.dll" adapterTypeName="Microsoft.VisualStudio.TestTools.TestTypes.Unit.UnitTestAdapter, Microsoft.VisualStudio.QualityTools.Tips.UnitTest.Adapter, Version=9.0.0.0, Culture=neutral, PublicKeyToken=b03f5f7f11d50a3a" className="RetailStore_Test.getDataTest, RetailStore_Test" name="getDiscountDataTest" />
    </UnitTest>
  </TestDefinitions>
  <TestLists>
    <TestList name="Results Not in a List" id="8c84fa94-04c1-424b-9868-57a2d4851a1d" />
    <TestList name="All Loaded Results" id="19431567-8539-422a-85d7-44ee4e166bda" />
  </TestLists>
  <TestEntries>
    <TestEntry testId="0dbd8dd6-d3a4-00ca-160b-242abd07d1e4" executionId="187af2bf-de5d-4492-8db5-3dc20f23b08f" testListId="8c84fa94-04c1-424b-9868-57a2d4851a1d" />
    <TestEntry testId="6ee1d9ff-87fb-c44a-ceee-41402ddb960d" executionId="d7b988ed-5bde-4dd8-884f-018be7fd5f33" testListId="8c84fa94-04c1-424b-9868-57a2d4851a1d" />
    <TestEntry testId="f0b5acef-16eb-e611-f026-506b6f780f21" executionId="21bba2fd-60ca-4de2-9dcc-4a6f74da4218" testListId="8c84fa94-04c1-424b-9868-57a2d4851a1d" />
    <TestEntry testId="c4a7ab70-0280-bca8-0d0f-ff27f04c1b32" executionId="7f5b2a99-8423-4604-8277-ac053ccd5d78" testListId="8c84fa94-04c1-424b-9868-57a2d4851a1d" />
    <TestEntry testId="7dc1b756-3596-66e9-fa22-69dadc8831f1" executionId="73f48ed5-470f-495a-a584-a297eea28ac7" testListId="8c84fa94-04c1-424b-9868-57a2d4851a1d" />
  </TestEntries>
  <Results>
    <UnitTestResult executionId="187af2bf-de5d-4492-8db5-3dc20f23b08f" testId="0dbd8dd6-d3a4-00ca-160b-242abd07d1e4" testName="getCustomerTypeTest" computerName="JMD-MPIP" duration="00:00:00.0510031" startTime="2012-04-10T12:10:39.3099113+05:30" endTime="2012-04-10T12:10:39.5907118+05:30" testType="13cdc9d9-ddb5-4fa4-a97d-d965ccfc6d4b" outcome="Inconclusive" testListId="8c84fa94-04c1-424b-9868-57a2d4851a1d">
      <Output>
        <ErrorInfo>
          <Message>Assert.Inconclusive failed. Method Working Correctly</Message>
          <StackTrace>   at RetailStore_Test.getDataTest.getCustomerTypeTest() in D:\imp study\MP IP PROJECT 2012\RetailStore\RetailStore\RetailStore_Test\getDataTest.cs:line 31
</StackTrace>
        </ErrorInfo>
      </Output>
    </UnitTestResult>
    <UnitTestResult executionId="d7b988ed-5bde-4dd8-884f-018be7fd5f33" testId="6ee1d9ff-87fb-c44a-ceee-41402ddb960d" testName="getDiscountDataTest" computerName="JMD-MPIP" duration="00:00:00.0093599" startTime="2012-04-10T12:10:39.6063118+05:30" endTime="2012-04-10T12:10:39.6063118+05:30" testType="13cdc9d9-ddb5-4fa4-a97d-d965ccfc6d4b" outcome="Inconclusive" testListId="8c84fa94-04c1-424b-9868-57a2d4851a1d">
      <Output>
        <ErrorInfo>
          <Message>Assert.Inconclusive failed. Method Working Correctly</Message>
          <StackTrace>   at RetailStore_Test.getDataTest.getDiscountDataTest() in D:\imp study\MP IP PROJECT 2012\RetailStore\RetailStore\RetailStore_Test\getDataTest.cs:line 51
</StackTrace>
        </ErrorInfo>
      </Output>
    </UnitTestResult>
    <UnitTestResult executionId="21bba2fd-60ca-4de2-9dcc-4a6f74da4218" testId="f0b5acef-16eb-e611-f026-506b6f780f21" testName="GetPercentageDiscountTest" computerName="JMD-MPIP" duration="00:00:00.0384096" startTime="2012-04-10T12:10:39.6219118+05:30" endTime="2012-04-10T12:10:39.6687119+05:30" testType="13cdc9d9-ddb5-4fa4-a97d-d965ccfc6d4b" outcome="Inconclusive" testListId="8c84fa94-04c1-424b-9868-57a2d4851a1d">
      <Output>
        <ErrorInfo>
          <Message>Assert.Inconclusive failed. Verify the correctness of this test method.</Message>
          <StackTrace>   at RetailStore_Test.calculateDiscountTest.GetPercentageDiscountTest() in D:\imp study\MP IP PROJECT 2012\RetailStore\RetailStore\RetailStore_Test\calculateDiscountTest.cs:line 42
</StackTrace>
        </ErrorInfo>
      </Output>
    </UnitTestResult>
    <UnitTestResult executionId="7f5b2a99-8423-4604-8277-ac053ccd5d78" testId="c4a7ab70-0280-bca8-0d0f-ff27f04c1b32" testName="getNetAmountTest" computerName="JMD-MPIP" duration="00:00:28.0491138" startTime="2012-04-10T12:10:39.6843119+05:30" endTime="2012-04-10T12:11:07.7331612+05:30" testType="13cdc9d9-ddb5-4fa4-a97d-d965ccfc6d4b" outcome="Inconclusive" testListId="8c84fa94-04c1-424b-9868-57a2d4851a1d">
      <Output>
        <ErrorInfo>
          <Message>Assert.Inconclusive failed. Method Working Correctly.</Message>
          <StackTrace>   at RetailStore_Test.calculateDiscountTest.getNetAmountTest() in D:\imp study\MP IP PROJECT 2012\RetailStore\RetailStore\RetailStore_Test\calculateDiscountTest.cs:line 63
</StackTrace>
        </ErrorInfo>
      </Output>
    </UnitTestResult>
    <UnitTestResult executionId="73f48ed5-470f-495a-a584-a297eea28ac7" testId="7dc1b756-3596-66e9-fa22-69dadc8831f1" testName="calculateDiscountConstructorTest" computerName="JMD-MPIP" duration="00:00:00.0145685" startTime="2012-04-10T12:11:07.7487612+05:30" endTime="2012-04-10T12:11:07.7643613+05:30" testType="13cdc9d9-ddb5-4fa4-a97d-d965ccfc6d4b" outcome="Inconclusive" testListId="8c84fa94-04c1-424b-9868-57a2d4851a1d">
      <Output>
        <ErrorInfo>
          <Message>Assert.Inconclusive failed. TODO: Implement code to verify target</Message>
          <StackTrace>   at RetailStore_Test.calculateDiscountTest.calculateDiscountConstructorTest() in D:\imp study\MP IP PROJECT 2012\RetailStore\RetailStore\RetailStore_Test\calculateDiscountTest.cs:line 71
</StackTrace>
        </ErrorInfo>
      </Output>
    </UnitTestResult>
  </Results>
</TestRun>