<?xml version="1.0" encoding="UTF-8"?>
<TestRun id="d161c686-6891-40f5-8ddf-5af9d7cdec06" name="jmd@JMD-MPIP 2012-04-10 12:05:51" runUser="jmd-mpip\jmd" xmlns="http://microsoft.com/schemas/VisualStudio/TeamTest/2006">
  <TestRunConfiguration name="Local Test Run" id="b11e7721-989e-4d2c-8ab1-e036b122d350">
    <Description>This is a default test run configuration for a local test run.</Description>
    <Deployment runDeploymentRoot="D:\imp study\MP IP PROJECT 2012\RetailStore\RetailStore\TestResults\jmd_JMD-MPIP 2012-04-10 12_05_51">
      <DeploymentItem filename="D:\imp study\MP IP PROJECT 2012\RetailStore\RetailStore\RetailStore\bin\Debug\RetailStore.exe" />
    </Deployment>
    <TestTypeSpecific />
  </TestRunConfiguration>
  <ResultSummary outcome="Error">
    <Counters total="5" executed="4" error="0" failed="0" timeout="0" aborted="1" inconclusive="3" passedButRunAborted="0" notRunnable="0" notExecuted="1" disconnected="0" warning="0" passed="0" completed="0" inProgress="0" pending="0" />
    <RunInfos>
      <RunInfo computerName="JMD-MPIP" outcome="Error" timestamp="2012-04-10T12:10:13.9442667+05:30">
        <Text>Test host process exited unexpectedly.</Text>
      </RunInfo>
    </RunInfos>
  </ResultSummary>
  <Times creation="2012-04-10T12:05:51.3490055+05:30" queuing="2012-04-10T12:05:53.0182084+05:30" start="2012-04-10T12:05:53.2990089+05:30" finish="2012-04-10T12:10:13.9442667+05:30" />
  <TestDefinitions>
    <UnitTest name="getCustomerTypeTest" storage="d:\imp study\mp ip project 2012\retailstore\retailstore\retailstore_test\bin\debug\retailstore_test.dll" id="0dbd8dd6-d3a4-00ca-160b-242abd07d1e4">
      <Css projectStructure="" iteration="" />
      <Owners>
        <Owner name="" />
      </Owners>
      <Execution id="5c743f87-709a-4e4c-873c-e059b2d26fa4" />
      <TestMethod codeBase="D:\imp study\MP IP PROJECT 2012\RetailStore\RetailStore\RetailStore_Test\bin\Debug\RetailStore_Test.dll" adapterTypeName="Microsoft.VisualStudio.TestTools.TestTypes.Unit.UnitTestAdapter, Microsoft.VisualStudio.QualityTools.Tips.UnitTest.Adapter, Version=9.0.0.0, Culture=neutral, PublicKeyToken=b03f5f7f11d50a3a" className="RetailStore_Test.getDataTest, RetailStore_Test" name="getCustomerTypeTest" />
    </UnitTest>
    <UnitTest name="calculateDiscountConstructorTest" storage="d:\imp study\mp ip project 2012\retailstore\retailstore\retailstore_test\bin\debug\retailstore_test.dll" id="7dc1b756-3596-66e9-fa22-69dadc8831f1">
      <Css projectStructure="" iteration="" />
      <Owners>
        <Owner name="" />
      </Owners>
      <DeploymentItems>
        <DeploymentItem filename="RetailStore.exe" />
      </DeploymentItems>
      <TestMethod codeBase="D:\imp study\MP IP PROJECT 2012\RetailStore\RetailStore\RetailStore_Test\bin\Debug\RetailStore_Test.dll" adapterTypeName="Microsoft.VisualStudio.TestTools.TestTypes.Unit.UnitTestAdapter, Microsoft.VisualStudio.QualityTools.Tips.UnitTest.Adapter, Version=9.0.0.0, Culture=neutral, PublicKeyToken=b03f5f7f11d50a3a" className="RetailStore_Test.calculateDiscountTest, RetailStore_Test" name="calculateDiscountConstructorTest" />
    </UnitTest>
    <UnitTest name="getNetAmountTest" storage="d:\imp study\mp ip project 2012\retailstore\retailstore\retailstore_test\bin\debug\retailstore_test.dll" id="c4a7ab70-0280-bca8-0d0f-ff27f04c1b32">
      <Css projectStructure="" iteration="" />
      <Owners>
        <Owner name="" />
      </Owners>
      <DeploymentItems>
        <DeploymentItem filename="RetailStore.exe" />
      </DeploymentItems>
      <TestMethod codeBase="D:\imp study\MP IP PROJECT 2012\RetailStore\RetailStore\RetailStore_Test\bin\Debug\RetailStore_Test.dll" adapterTypeName="Microsoft.VisualStudio.TestTools.TestTypes.Unit.UnitTestAdapter, Microsoft.VisualStudio.QualityTools.Tips.UnitTest.Adapter, Version=9.0.0.0, Culture=neutral, PublicKeyToken=b03f5f7f11d50a3a" className="RetailStore_Test.calculateDiscountTest, RetailStore_Test" name="getNetAmountTest" />
    </UnitTest>
    <UnitTest name="GetPercentageDiscountTest" storage="d:\imp study\mp ip project 2012\retailstore\retailstore\retailstore_test\bin\debug\retailstore_test.dll" id="f0b5acef-16eb-e611-f026-506b6f780f21">
      <Css projectStructure="" iteration="" />
      <Owners>
        <Owner name="" />
      </Owners>
      <DeploymentItems>
        <DeploymentItem filename="RetailStore.exe" />
      </DeploymentItems>
      <Execution id="392b300d-ddbf-4ce0-87c8-4f6ab63eec7f" />
      <TestMethod codeBase="D:\imp study\MP IP PROJECT 2012\RetailStore\RetailStore\RetailStore_Test\bin\Debug\RetailStore_Test.dll" adapterTypeName="Microsoft.VisualStudio.TestTools.TestTypes.Unit.UnitTestAdapter, Microsoft.VisualStudio.QualityTools.Tips.UnitTest.Adapter, Version=9.0.0.0, Culture=neutral, PublicKeyToken=b03f5f7f11d50a3a" className="RetailStore_Test.calculateDiscountTest, RetailStore_Test" name="GetPercentageDiscountTest" />
    </UnitTest>
    <UnitTest name="getDiscountDataTest" storage="d:\imp study\mp ip project 2012\retailstore\retailstore\retailstore_test\bin\debug\retailstore_test.dll" id="6ee1d9ff-87fb-c44a-ceee-41402ddb960d">
      <Css projectStructure="" iteration="" />
      <Owners>
        <Owner name="" />
      </Owners>
      <Execution id="b90247bd-67f4-4166-b6c4-af976e996c32" />
      <TestMethod codeBase="D:\imp study\MP IP PROJECT 2012\RetailStore\RetailStore\RetailStore_Test\bin\Debug\RetailStore_Test.dll" adapterTypeName="Microsoft.VisualStudio.TestTools.TestTypes.Unit.UnitTestAdapter, Microsoft.VisualStudio.QualityTools.Tips.UnitTest.Adapter, Version=9.0.0.0, Culture=neutral, PublicKeyToken=b03f5f7f11d50a3a" className="RetailStore_Test.getDataTest, RetailStore_Test" name="getDiscountDataTest" />
    </UnitTest>
  </TestDefinitions>
  <TestLists>
    <TestList name="Results Not in a List" id="8c84fa94-04c1-424b-9868-57a2d4851a1d" />
    <TestList name="All Loaded Results" id="19431567-8539-422a-85d7-44ee4e166bda" />
  </TestLists>
  <TestEntries>
    <TestEntry testId="0dbd8dd6-d3a4-00ca-160b-242abd07d1e4" executionId="5c743f87-709a-4e4c-873c-e059b2d26fa4" testListId="8c84fa94-04c1-424b-9868-57a2d4851a1d" />
    <TestEntry testId="6ee1d9ff-87fb-c44a-ceee-41402ddb960d" executionId="b90247bd-67f4-4166-b6c4-af976e996c32" testListId="8c84fa94-04c1-424b-9868-57a2d4851a1d" />
    <TestEntry testId="f0b5acef-16eb-e611-f026-506b6f780f21" executionId="392b300d-ddbf-4ce0-87c8-4f6ab63eec7f" testListId="8c84fa94-04c1-424b-9868-57a2d4851a1d" />
    <TestEntry testId="c4a7ab70-0280-bca8-0d0f-ff27f04c1b32" executionId="d5f60231-b4a6-4a28-9e62-e9d567c4187d" testListId="8c84fa94-04c1-424b-9868-57a2d4851a1d" />
    <TestEntry testId="7dc1b756-3596-66e9-fa22-69dadc8831f1" executionId="c751f9e3-ead3-492c-ad56-4bb11a8c075d" testListId="8c84fa94-04c1-424b-9868-57a2d4851a1d" />
  </TestEntries>
  <Results>
    <UnitTestResult executionId="5c743f87-709a-4e4c-873c-e059b2d26fa4" testId="0dbd8dd6-d3a4-00ca-160b-242abd07d1e4" testName="getCustomerTypeTest" computerName="JMD-MPIP" duration="00:00:00.0539139" startTime="2012-04-10T12:05:53.4862093+05:30" endTime="2012-04-10T12:05:53.7670097+05:30" testType="13cdc9d9-ddb5-4fa4-a97d-d965ccfc6d4b" outcome="Inconclusive" testListId="8c84fa94-04c1-424b-9868-57a2d4851a1d">
      <Output>
        <ErrorInfo>
          <Message>Assert.Inconclusive failed. Method Working Correctly</Message>
          <StackTrace>   at RetailStore_Test.getDataTest.getCustomerTypeTest() in D:\imp study\MP IP PROJECT 2012\RetailStore\RetailStore\RetailStore_Test\getDataTest.cs:line 31
</StackTrace>
        </ErrorInfo>
      </Output>
    </UnitTestResult>
    <UnitTestResult executionId="b90247bd-67f4-4166-b6c4-af976e996c32" testId="6ee1d9ff-87fb-c44a-ceee-41402ddb960d" testName="getDiscountDataTest" computerName="JMD-MPIP" duration="00:00:00.0095508" startTime="2012-04-10T12:05:53.7826098+05:30" endTime="2012-04-10T12:05:53.7982098+05:30" testType="13cdc9d9-ddb5-4fa4-a97d-d965ccfc6d4b" outcome="Inconclusive" testListId="8c84fa94-04c1-424b-9868-57a2d4851a1d">
      <Output>
        <ErrorInfo>
          <Message>Assert.Inconclusive failed. Method Working Correctly</Message>
          <StackTrace>   at RetailStore_Test.getDataTest.getDiscountDataTest() in D:\imp study\MP IP PROJECT 2012\RetailStore\RetailStore\RetailStore_Test\getDataTest.cs:line 51
</StackTrace>
        </ErrorInfo>
      </Output>
    </UnitTestResult>
    <UnitTestResult executionId="392b300d-ddbf-4ce0-87c8-4f6ab63eec7f" testId="f0b5acef-16eb-e611-f026-506b6f780f21" testName="GetPercentageDiscountTest" computerName="JMD-MPIP" duration="00:00:00.0382331" startTime="2012-04-10T12:05:53.8138098+05:30" endTime="2012-04-10T12:05:53.8606099+05:30" testType="13cdc9d9-ddb5-4fa4-a97d-d965ccfc6d4b" outcome="Inconclusive" testListId="8c84fa94-04c1-424b-9868-57a2d4851a1d">
      <Output>
        <ErrorInfo>
          <Message>Assert.Inconclusive failed. Verify the correctness of this test method.</Message>
          <StackTrace>   at RetailStore_Test.calculateDiscountTest.GetPercentageDiscountTest() in D:\imp study\MP IP PROJECT 2012\RetailStore\RetailStore\RetailStore_Test\calculateDiscountTest.cs:line 42
</StackTrace>
        </ErrorInfo>
      </Output>
    </UnitTestResult>
    <UnitTestResult executionId="d5f60231-b4a6-4a28-9e62-e9d567c4187d" testId="c4a7ab70-0280-bca8-0d0f-ff27f04c1b32" testName="getNetAmountTest" computerName="JMD-MPIP" duration="00:04:20.0836568" startTime="2012-04-10T12:05:53.8606099+05:30" endTime="2012-04-10T12:10:13.9442667+05:30" testType="13cdc9d9-ddb5-4fa4-a97d-d965ccfc6d4b" outcome="Aborted" testListId="8c84fa94-04c1-424b-9868-57a2d4851a1d">
    </UnitTestResult>
    <UnitTestResult executionId="c751f9e3-ead3-492c-ad56-4bb11a8c075d" testId="7dc1b756-3596-66e9-fa22-69dadc8831f1" testName="calculateDiscountConstructorTest" computerName="JMD-MPIP" duration="00:00:00" startTime="0001-01-01T05:30:00.0000000+05:30" endTime="0001-01-01T05:30:00.0000000+05:30" testType="13cdc9d9-ddb5-4fa4-a97d-d965ccfc6d4b" outcome="NotExecuted" testListId="8c84fa94-04c1-424b-9868-57a2d4851a1d">
    </UnitTestResult>
  </Results>
</TestRun>