<?xml version="1.0" encoding="UTF-8"?>
<TestRun id="c490afe4-e012-4259-a47e-f4c1006a50f8" name="jmd@JMD-MPIP 2012-04-10 11:51:51" runUser="jmd-mpip\jmd" xmlns="http://microsoft.com/schemas/VisualStudio/TeamTest/2006">
  <TestRunConfiguration name="Local Test Run" id="b11e7721-989e-4d2c-8ab1-e036b122d350">
    <Description>This is a default test run configuration for a local test run.</Description>
    <Deployment runDeploymentRoot="D:\imp study\MP IP PROJECT 2012\RetailStore\RetailStore\TestResults\jmd_JMD-MPIP 2012-04-10 11_51_51">
      <DeploymentItem filename="D:\imp study\MP IP PROJECT 2012\RetailStore\RetailStore\RetailStore\bin\Debug\RetailStore.exe" />
    </Deployment>
    <TestTypeSpecific />
  </TestRunConfiguration>
  <ResultSummary outcome="Failed">
    <Counters total="5" executed="5" error="0" failed="1" timeout="0" aborted="0" inconclusive="4" passedButRunAborted="0" notRunnable="0" notExecuted="0" disconnected="0" warning="0" passed="0" completed="0" inProgress="0" pending="0" />
  </ResultSummary>
  <Times creation="2012-04-10T11:51:51.5997424+05:30" queuing="2012-04-10T11:51:53.2533453+05:30" start="2012-04-10T11:51:53.5341458+05:30" finish="2012-04-10T11:52:05.0001659+05:30" />
  <TestDefinitions>
    <UnitTest name="getCustomerTypeTest" storage="d:\imp study\mp ip project 2012\retailstore\retailstore\retailstore_test\bin\debug\retailstore_test.dll" id="0dbd8dd6-d3a4-00ca-160b-242abd07d1e4">
      <Css projectStructure="" iteration="" />
      <Owners>
        <Owner name="" />
      </Owners>
      <Execution id="c33846ff-d483-4fb0-b168-48693c40d835" />
      <TestMethod codeBase="D:\imp study\MP IP PROJECT 2012\RetailStore\RetailStore\RetailStore_Test\bin\Debug\RetailStore_Test.dll" adapterTypeName="Microsoft.VisualStudio.TestTools.TestTypes.Unit.UnitTestAdapter, Microsoft.VisualStudio.QualityTools.Tips.UnitTest.Adapter, Version=9.0.0.0, Culture=neutral, PublicKeyToken=b03f5f7f11d50a3a" className="RetailStore_Test.getDataTest, RetailStore_Test" name="getCustomerTypeTest" />
    </UnitTest>
    <UnitTest name="calculateDiscountConstructorTest" storage="d:\imp study\mp ip project 2012\retailstore\retailstore\retailstore_test\bin\debug\retailstore_test.dll" id="7dc1b756-3596-66e9-fa22-69dadc8831f1">
      <Css projectStructure="" iteration="" />
      <Owners>
        <Owner name="" />
      </Owners>
      <DeploymentItems>
        <DeploymentItem filename="RetailStore.exe" />
      </DeploymentItems>
      <Execution id="791eb14d-8b89-4299-bcda-292248734875" />
      <TestMethod codeBase="D:\imp study\MP IP PROJECT 2012\RetailStore\RetailStore\RetailStore_Test\bin\Debug\RetailStore_Test.dll" adapterTypeName="Microsoft.VisualStudio.TestTools.TestTypes.Unit.UnitTestAdapter, Microsoft.VisualStudio.QualityTools.Tips.UnitTest.Adapter, Version=9.0.0.0, Culture=neutral, PublicKeyToken=b03f5f7f11d50a3a" className="RetailStore_Test.calculateDiscountTest, RetailStore_Test" name="calculateDiscountConstructorTest" />
    </UnitTest>
    <UnitTest name="getNetAmountTest" storage="d:\imp study\mp ip project 2012\retailstore\retailstore\retailstore_test\bin\debug\retailstore_test.dll" id="c4a7ab70-0280-bca8-0d0f-ff27f04c1b32">
      <Css projectStructure="" iteration="" />
      <Owners>
        <Owner name="" />
      </Owners>
      <DeploymentItems>
        <DeploymentItem filename="RetailStore.exe" />
      </DeploymentItems>
      <Execution id="87e48978-a908-40b4-b7fe-0a05ce2c2d29" />
      <TestMethod codeBase="D:\imp study\MP IP PROJECT 2012\RetailStore\RetailStore\RetailStore_Test\bin\Debug\RetailStore_Test.dll" adapterTypeName="Microsoft.VisualStudio.TestTools.TestTypes.Unit.UnitTestAdapter, Microsoft.VisualStudio.QualityTools.Tips.UnitTest.Adapter, Version=9.0.0.0, Culture=neutral, PublicKeyToken=b03f5f7f11d50a3a" className="RetailStore_Test.calculateDiscountTest, RetailStore_Test" name="getNetAmountTest" />
    </UnitTest>
    <UnitTest name="GetPercentageDiscountTest" storage="d:\imp study\mp ip project 2012\retailstore\retailstore\retailstore_test\bin\debug\retailstore_test.dll" id="f0b5acef-16eb-e611-f026-506b6f780f21">
      <Css projectStructure="" iteration="" />
      <Owners>
        <Owner name="" />
      </Owners>
      <DeploymentItems>
        <DeploymentItem filename="RetailStore.exe" />
      </DeploymentItems>
      <Execution id="8dcab09c-a823-4958-b636-b56bb42c1d0f" />
      <TestMethod codeBase="D:\imp study\MP IP PROJECT 2012\RetailStore\RetailStore\RetailStore_Test\bin\Debug\RetailStore_Test.dll" adapterTypeName="Microsoft.VisualStudio.TestTools.TestTypes.Unit.UnitTestAdapter, Microsoft.VisualStudio.QualityTools.Tips.UnitTest.Adapter, Version=9.0.0.0, Culture=neutral, PublicKeyToken=b03f5f7f11d50a3a" className="RetailStore_Test.calculateDiscountTest, RetailStore_Test" name="GetPercentageDiscountTest" />
    </UnitTest>
    <UnitTest name="getDiscountDataTest" storage="d:\imp study\mp ip project 2012\retailstore\retailstore\retailstore_test\bin\debug\retailstore_test.dll" id="6ee1d9ff-87fb-c44a-ceee-41402ddb960d">
      <Css projectStructure="" iteration="" />
      <Owners>
        <Owner name="" />
      </Owners>
      <Execution id="4a2a9775-0f30-4ef9-ac68-c93b13550d7b" />
      <TestMethod codeBase="D:\imp study\MP IP PROJECT 2012\RetailStore\RetailStore\RetailStore_Test\bin\Debug\RetailStore_Test.dll" adapterTypeName="Microsoft.VisualStudio.TestTools.TestTypes.Unit.UnitTestAdapter, Microsoft.VisualStudio.QualityTools.Tips.UnitTest.Adapter, Version=9.0.0.0, Culture=neutral, PublicKeyToken=b03f5f7f11d50a3a" className="RetailStore_Test.getDataTest, RetailStore_Test" name="getDiscountDataTest" />
    </UnitTest>
  </TestDefinitions>
  <TestLists>
    <TestList name="Results Not in a List" id="8c84fa94-04c1-424b-9868-57a2d4851a1d" />
    <TestList name="All Loaded Results" id="19431567-8539-422a-85d7-44ee4e166bda" />
  </TestLists>
  <TestEntries>
    <TestEntry testId="0dbd8dd6-d3a4-00ca-160b-242abd07d1e4" executionId="c33846ff-d483-4fb0-b168-48693c40d835" testListId="8c84fa94-04c1-424b-9868-57a2d4851a1d" />
    <TestEntry testId="6ee1d9ff-87fb-c44a-ceee-41402ddb960d" executionId="4a2a9775-0f30-4ef9-ac68-c93b13550d7b" testListId="8c84fa94-04c1-424b-9868-57a2d4851a1d" />
    <TestEntry testId="f0b5acef-16eb-e611-f026-506b6f780f21" executionId="8dcab09c-a823-4958-b636-b56bb42c1d0f" testListId="8c84fa94-04c1-424b-9868-57a2d4851a1d" />
    <TestEntry testId="c4a7ab70-0280-bca8-0d0f-ff27f04c1b32" executionId="87e48978-a908-40b4-b7fe-0a05ce2c2d29" testListId="8c84fa94-04c1-424b-9868-57a2d4851a1d" />
    <TestEntry testId="7dc1b756-3596-66e9-fa22-69dadc8831f1" executionId="791eb14d-8b89-4299-bcda-292248734875" testListId="8c84fa94-04c1-424b-9868-57a2d4851a1d" />
  </TestEntries>
  <Results>
    <UnitTestResult executionId="c33846ff-d483-4fb0-b168-48693c40d835" testId="0dbd8dd6-d3a4-00ca-160b-242abd07d1e4" testName="getCustomerTypeTest" computerName="JMD-MPIP" duration="00:00:00.0622580" startTime="2012-04-10T11:51:53.6589460+05:30" endTime="2012-04-10T11:51:54.0021466+05:30" testType="13cdc9d9-ddb5-4fa4-a97d-d965ccfc6d4b" outcome="Inconclusive" testListId="8c84fa94-04c1-424b-9868-57a2d4851a1d">
      <Output>
        <ErrorInfo>
          <Message>Assert.Inconclusive failed. Method Working Correctly</Message>
          <StackTrace>   at RetailStore_Test.getDataTest.getCustomerTypeTest() in D:\imp study\MP IP PROJECT 2012\RetailStore\RetailStore\RetailStore_Test\getDataTest.cs:line 31
</StackTrace>
        </ErrorInfo>
      </Output>
    </UnitTestResult>
    <UnitTestResult executionId="4a2a9775-0f30-4ef9-ac68-c93b13550d7b" testId="6ee1d9ff-87fb-c44a-ceee-41402ddb960d" testName="getDiscountDataTest" computerName="JMD-MPIP" duration="00:00:00.0112322" startTime="2012-04-10T11:51:54.0177466+05:30" endTime="2012-04-10T11:51:54.0333467+05:30" testType="13cdc9d9-ddb5-4fa4-a97d-d965ccfc6d4b" outcome="Inconclusive" testListId="8c84fa94-04c1-424b-9868-57a2d4851a1d">
      <Output>
        <ErrorInfo>
          <Message>Assert.Inconclusive failed. Method Working Correctly</Message>
          <StackTrace>   at RetailStore_Test.getDataTest.getDiscountDataTest() in D:\imp study\MP IP PROJECT 2012\RetailStore\RetailStore\RetailStore_Test\getDataTest.cs:line 51
</StackTrace>
        </ErrorInfo>
      </Output>
    </UnitTestResult>
    <UnitTestResult executionId="8dcab09c-a823-4958-b636-b56bb42c1d0f" testId="f0b5acef-16eb-e611-f026-506b6f780f21" testName="GetPercentageDiscountTest" computerName="JMD-MPIP" duration="00:00:10.6860612" startTime="2012-04-10T11:51:54.0489467+05:30" endTime="2012-04-10T11:52:04.7661655+05:30" testType="13cdc9d9-ddb5-4fa4-a97d-d965ccfc6d4b" outcome="Inconclusive" testListId="8c84fa94-04c1-424b-9868-57a2d4851a1d">
      <Output>
        <ErrorInfo>
          <Message>Assert.Inconclusive failed. Verify the correctness of this test method.</Message>
          <StackTrace>   at RetailStore_Test.calculateDiscountTest.GetPercentageDiscountTest() in D:\imp study\MP IP PROJECT 2012\RetailStore\RetailStore\RetailStore_Test\calculateDiscountTest.cs:line 44
</StackTrace>
        </ErrorInfo>
      </Output>
    </UnitTestResult>
    <UnitTestResult executionId="87e48978-a908-40b4-b7fe-0a05ce2c2d29" testId="c4a7ab70-0280-bca8-0d0f-ff27f04c1b32" testName="getNetAmountTest" computerName="JMD-MPIP" duration="00:00:00.0456421" startTime="2012-04-10T11:52:04.7817655+05:30" endTime="2012-04-10T11:52:04.8441657+05:30" testType="13cdc9d9-ddb5-4fa4-a97d-d965ccfc6d4b" outcome="Failed" testListId="8c84fa94-04c1-424b-9868-57a2d4851a1d">
      <Output>
        <ErrorInfo>
          <Message>Test method RetailStore_Test.calculateDiscountTest.getNetAmountTest threw exception:  System.NullReferenceException: Object reference not set to an instance of an object..</Message>
          <StackTrace>    at RetailStore.calculateDiscount.getNetAmount(CustomerInfo oCustomerInfo) in D:\imp study\MP IP PROJECT 2012\RetailStore\RetailStore\RetailStore\BAL\getDiscount.cs:line 39
   at RetailStore.calculateDiscount_Accessor.getNetAmount(CustomerInfo_Accessor oCustomerInfo)
   at RetailStore_Test.calculateDiscountTest.getNetAmountTest() in D:\imp study\MP IP PROJECT 2012\RetailStore\RetailStore\RetailStore_Test\calculateDiscountTest.cs:line 54
</StackTrace>
        </ErrorInfo>
      </Output>
    </UnitTestResult>
    <UnitTestResult executionId="791eb14d-8b89-4299-bcda-292248734875" testId="7dc1b756-3596-66e9-fa22-69dadc8831f1" testName="calculateDiscountConstructorTest" computerName="JMD-MPIP" duration="00:00:00.0144355" startTime="2012-04-10T11:52:04.8441657+05:30" endTime="2012-04-10T11:52:04.8753657+05:30" testType="13cdc9d9-ddb5-4fa4-a97d-d965ccfc6d4b" outcome="Inconclusive" testListId="8c84fa94-04c1-424b-9868-57a2d4851a1d">
      <Output>
        <ErrorInfo>
          <Message>Assert.Inconclusive failed. TODO: Implement code to verify target</Message>
          <StackTrace>   at RetailStore_Test.calculateDiscountTest.calculateDiscountConstructorTest() in D:\imp study\MP IP PROJECT 2012\RetailStore\RetailStore\RetailStore_Test\calculateDiscountTest.cs:line 64
</StackTrace>
        </ErrorInfo>
      </Output>
    </UnitTestResult>
  </Results>
</TestRun>